MPLINK 5.08, LINKER
Linker Map File - Created Mon Oct 28 22:17:35 2019

                                 Section Info
                  Section       Type    Address   Location Size(Bytes)
                ---------  ---------  ---------  ---------  ---------
                   .org_0       code   0x000000    program   0x000020
                   .cinit    romdata   0x000010    program   0x000004



                              Program Memory Usage 
                               Start         End      
                           ---------   ---------      
                            0x000000    0x000011      
            18 out of 8454 program addresses used, program memory utilization is 0%



                              Symbols - Sorted by Name
                     Name    Address   Location    Storage File                     
                ---------  ---------  ---------  --------- ---------                
                     INIT   0x000001    program     static C:\Users\Sinem\Desktop\Projeler\Uygulama1.X\Uygulama1.asm
                     MAIN   0x000008    program     static C:\Users\Sinem\Desktop\Projeler\Uygulama1.X\Uygulama1.asm
                      OFF   0x00000e    program     static C:\Users\Sinem\Desktop\Projeler\Uygulama1.X\Uygulama1.asm
                       ON   0x00000c    program     static C:\Users\Sinem\Desktop\Projeler\Uygulama1.X\Uygulama1.asm



                              Symbols - Sorted by Address
                     Name    Address   Location    Storage File                     
                ---------  ---------  ---------  --------- ---------                
                     INIT   0x000001    program     static C:\Users\Sinem\Desktop\Projeler\Uygulama1.X\Uygulama1.asm
                     MAIN   0x000008    program     static C:\Users\Sinem\Desktop\Projeler\Uygulama1.X\Uygulama1.asm
                       ON   0x00000c    program     static C:\Users\Sinem\Desktop\Projeler\Uygulama1.X\Uygulama1.asm
                      OFF   0x00000e    program     static C:\Users\Sinem\Desktop\Projeler\Uygulama1.X\Uygulama1.asm


